Analysis & Synthesis report for RaspberryPi_Accelerator
Thu May  4 15:47:08 2023
Quartus Prime Version 21.1.1 Build 850 06/23/2022 SJ Lite Edition


---------------------
; Table of Contents ;
---------------------
  1. Legal Notice
  2. Analysis & Synthesis Summary
  3. Analysis & Synthesis Settings
  4. Parallel Compilation
  5. Analysis & Synthesis Source Files Read
  6. Analysis & Synthesis Resource Usage Summary
  7. Analysis & Synthesis Resource Utilization by Entity
  8. General Register Statistics
  9. Port Connectivity Checks: "SRAM_SPI_RW:S3"
 10. Port Connectivity Checks: "SRAM_SPI_RW:S2"
 11. Port Connectivity Checks: "SRAM_SPI_RW:S1"
 12. Port Connectivity Checks: "SRAM_SPI_RW:S0"
 13. Post-Synthesis Netlist Statistics for Top Partition
 14. Elapsed Time Per Partition
 15. Analysis & Synthesis Messages



----------------
; Legal Notice ;
----------------
Copyright (C) 2022  Intel Corporation. All rights reserved.
Your use of Intel Corporation's design tools, logic functions 
and other software and tools, and any partner logic 
functions, and any output files from any of the foregoing 
(including device programming or simulation files), and any 
associated documentation or information are expressly subject 
to the terms and conditions of the Intel Program License 
Subscription Agreement, the Intel Quartus Prime License Agreement,
the Intel FPGA IP License Agreement, or other applicable license
agreement, including, without limitation, that your use is for
the sole purpose of programming logic devices manufactured by
Intel and sold by Intel or its authorized distributors.  Please
refer to the applicable agreement for further details, at
https://fpgasoftware.intel.com/eula.



+----------------------------------------------------------------------------------+
; Analysis & Synthesis Summary                                                     ;
+------------------------------------+---------------------------------------------+
; Analysis & Synthesis Status        ; Successful - Thu May  4 15:47:08 2023       ;
; Quartus Prime Version              ; 21.1.1 Build 850 06/23/2022 SJ Lite Edition ;
; Revision Name                      ; RaspberryPi_Accelerator                     ;
; Top-level Entity Name              ; RaspberryPi_Accelerator                     ;
; Family                             ; MAX 10                                      ;
; Total logic elements               ; 85                                          ;
;     Total combinational functions  ; 85                                          ;
;     Dedicated logic registers      ; 33                                          ;
; Total registers                    ; 33                                          ;
; Total pins                         ; 185                                         ;
; Total virtual pins                 ; 0                                           ;
; Total memory bits                  ; 0                                           ;
; Embedded Multiplier 9-bit elements ; 0                                           ;
; Total PLLs                         ; 0                                           ;
; UFM blocks                         ; 0                                           ;
; ADC blocks                         ; 0                                           ;
+------------------------------------+---------------------------------------------+


+----------------------------------------------------------------------------------------------------------------------+
; Analysis & Synthesis Settings                                                                                        ;
+------------------------------------------------------------------+-------------------------+-------------------------+
; Option                                                           ; Setting                 ; Default Value           ;
+------------------------------------------------------------------+-------------------------+-------------------------+
; Device                                                           ; 10M50DAF484C7G          ;                         ;
; Top-level entity name                                            ; RaspberryPi_Accelerator ; RaspberryPi_Accelerator ;
; Family name                                                      ; MAX 10 FPGA             ; Cyclone V               ;
; Use smart compilation                                            ; Off                     ; Off                     ;
; Enable parallel Assembler and Timing Analyzer during compilation ; On                      ; On                      ;
; Enable compact report table                                      ; Off                     ; Off                     ;
; Restructure Multiplexers                                         ; Auto                    ; Auto                    ;
; Create Debugging Nodes for IP Cores                              ; Off                     ; Off                     ;
; Preserve fewer node names                                        ; On                      ; On                      ;
; Intel FPGA IP Evaluation Mode                                    ; Enable                  ; Enable                  ;
; Verilog Version                                                  ; Verilog_2001            ; Verilog_2001            ;
; VHDL Version                                                     ; VHDL_1993               ; VHDL_1993               ;
; State Machine Processing                                         ; Auto                    ; Auto                    ;
; Safe State Machine                                               ; Off                     ; Off                     ;
; Extract Verilog State Machines                                   ; On                      ; On                      ;
; Extract VHDL State Machines                                      ; On                      ; On                      ;
; Ignore Verilog initial constructs                                ; Off                     ; Off                     ;
; Iteration limit for constant Verilog loops                       ; 5000                    ; 5000                    ;
; Iteration limit for non-constant Verilog loops                   ; 250                     ; 250                     ;
; Add Pass-Through Logic to Inferred RAMs                          ; On                      ; On                      ;
; Infer RAMs from Raw Logic                                        ; On                      ; On                      ;
; Parallel Synthesis                                               ; On                      ; On                      ;
; DSP Block Balancing                                              ; Auto                    ; Auto                    ;
; NOT Gate Push-Back                                               ; On                      ; On                      ;
; Power-Up Don't Care                                              ; On                      ; On                      ;
; Remove Redundant Logic Cells                                     ; Off                     ; Off                     ;
; Remove Duplicate Registers                                       ; On                      ; On                      ;
; Ignore CARRY Buffers                                             ; Off                     ; Off                     ;
; Ignore CASCADE Buffers                                           ; Off                     ; Off                     ;
; Ignore GLOBAL Buffers                                            ; Off                     ; Off                     ;
; Ignore ROW GLOBAL Buffers                                        ; Off                     ; Off                     ;
; Ignore LCELL Buffers                                             ; Off                     ; Off                     ;
; Ignore SOFT Buffers                                              ; On                      ; On                      ;
; Limit AHDL Integers to 32 Bits                                   ; Off                     ; Off                     ;
; Optimization Technique                                           ; Balanced                ; Balanced                ;
; Carry Chain Length                                               ; 70                      ; 70                      ;
; Auto Carry Chains                                                ; On                      ; On                      ;
; Auto Open-Drain Pins                                             ; On                      ; On                      ;
; Perform WYSIWYG Primitive Resynthesis                            ; Off                     ; Off                     ;
; Auto ROM Replacement                                             ; On                      ; On                      ;
; Auto RAM Replacement                                             ; On                      ; On                      ;
; Auto DSP Block Replacement                                       ; On                      ; On                      ;
; Auto Shift Register Replacement                                  ; Auto                    ; Auto                    ;
; Allow Shift Register Merging across Hierarchies                  ; Auto                    ; Auto                    ;
; Auto Clock Enable Replacement                                    ; On                      ; On                      ;
; Strict RAM Replacement                                           ; Off                     ; Off                     ;
; Allow Synchronous Control Signals                                ; On                      ; On                      ;
; Force Use of Synchronous Clear Signals                           ; Off                     ; Off                     ;
; Auto RAM Block Balancing                                         ; On                      ; On                      ;
; Auto RAM to Logic Cell Conversion                                ; Off                     ; Off                     ;
; Auto Resource Sharing                                            ; Off                     ; Off                     ;
; Allow Any RAM Size For Recognition                               ; Off                     ; Off                     ;
; Allow Any ROM Size For Recognition                               ; Off                     ; Off                     ;
; Allow Any Shift Register Size For Recognition                    ; Off                     ; Off                     ;
; Use LogicLock Constraints during Resource Balancing              ; On                      ; On                      ;
; Ignore translate_off and synthesis_off directives                ; Off                     ; Off                     ;
; Timing-Driven Synthesis                                          ; On                      ; On                      ;
; Report Parameter Settings                                        ; On                      ; On                      ;
; Report Source Assignments                                        ; On                      ; On                      ;
; Report Connectivity Checks                                       ; On                      ; On                      ;
; Ignore Maximum Fan-Out Assignments                               ; Off                     ; Off                     ;
; Synchronization Register Chain Length                            ; 2                       ; 2                       ;
; Power Optimization During Synthesis                              ; Normal compilation      ; Normal compilation      ;
; HDL message level                                                ; Level2                  ; Level2                  ;
; Suppress Register Optimization Related Messages                  ; Off                     ; Off                     ;
; Number of Removed Registers Reported in Synthesis Report         ; 5000                    ; 5000                    ;
; Number of Swept Nodes Reported in Synthesis Report               ; 5000                    ; 5000                    ;
; Number of Inverted Registers Reported in Synthesis Report        ; 100                     ; 100                     ;
; Clock MUX Protection                                             ; On                      ; On                      ;
; Auto Gated Clock Conversion                                      ; Off                     ; Off                     ;
; Block Design Naming                                              ; Auto                    ; Auto                    ;
; SDC constraint protection                                        ; Off                     ; Off                     ;
; Synthesis Effort                                                 ; Auto                    ; Auto                    ;
; Shift Register Replacement - Allow Asynchronous Clear Signal     ; On                      ; On                      ;
; Pre-Mapping Resynthesis Optimization                             ; Off                     ; Off                     ;
; Analysis & Synthesis Message Level                               ; Medium                  ; Medium                  ;
; Disable Register Merging Across Hierarchies                      ; Auto                    ; Auto                    ;
; Resource Aware Inference For Block RAM                           ; On                      ; On                      ;
+------------------------------------------------------------------+-------------------------+-------------------------+


+------------------------------------------+
; Parallel Compilation                     ;
+----------------------------+-------------+
; Processors                 ; Number      ;
+----------------------------+-------------+
; Number detected on machine ; 8           ;
; Maximum allowed            ; 4           ;
;                            ;             ;
; Average used               ; 1.00        ;
; Maximum used               ; 4           ;
;                            ;             ;
; Usage by Processor         ; % Time Used ;
;     Processor 1            ; 100.0%      ;
;     Processors 2-4         ;   0.0%      ;
+----------------------------+-------------+


+-----------------------------------------------------------------------------------------------------------------------------------------------------------------------------------------------------------------------------------------------+
; Analysis & Synthesis Source Files Read                                                                                                                                                                                                        ;
+----------------------------------+-----------------+------------------------------+-------------------------------------------------------------------------------------------------------------------------------------------------+---------+
; File Name with User-Entered Path ; Used in Netlist ; File Type                    ; File Name with Absolute Path                                                                                                                    ; Library ;
+----------------------------------+-----------------+------------------------------+-------------------------------------------------------------------------------------------------------------------------------------------------+---------+
; SRAM_SPI_RW.sv                   ; yes             ; User SystemVerilog HDL File  ; C:/Users/justi/Desktop/MSEE/BEE525/Material/DE10/Tools/SystemBuilder/CodeGenerated/DE10_LITE/RaspberryPi_Accelerator/SRAM_SPI_RW.sv             ;         ;
; four_to_one_mux.sv               ; yes             ; User SystemVerilog HDL File  ; C:/Users/justi/Desktop/MSEE/BEE525/Material/DE10/Tools/SystemBuilder/CodeGenerated/DE10_LITE/RaspberryPi_Accelerator/four_to_one_mux.sv         ;         ;
; two_to_one_mux.sv                ; yes             ; User SystemVerilog HDL File  ; C:/Users/justi/Desktop/MSEE/BEE525/Material/DE10/Tools/SystemBuilder/CodeGenerated/DE10_LITE/RaspberryPi_Accelerator/two_to_one_mux.sv          ;         ;
; two_to_four_decoder.sv           ; yes             ; User SystemVerilog HDL File  ; C:/Users/justi/Desktop/MSEE/BEE525/Material/DE10/Tools/SystemBuilder/CodeGenerated/DE10_LITE/RaspberryPi_Accelerator/two_to_four_decoder.sv     ;         ;
; RaspberryPi_Accelerator.sv       ; yes             ; User SystemVerilog HDL File  ; C:/Users/justi/Desktop/MSEE/BEE525/Material/DE10/Tools/SystemBuilder/CodeGenerated/DE10_LITE/RaspberryPi_Accelerator/RaspberryPi_Accelerator.sv ;         ;
+----------------------------------+-----------------+------------------------------+-------------------------------------------------------------------------------------------------------------------------------------------------+---------+


+-------------------------------------------------------------------+
; Analysis & Synthesis Resource Usage Summary                       ;
+---------------------------------------------+---------------------+
; Resource                                    ; Usage               ;
+---------------------------------------------+---------------------+
; Estimated Total logic elements              ; 85                  ;
;                                             ;                     ;
; Total combinational functions               ; 85                  ;
; Logic element usage by number of LUT inputs ;                     ;
;     -- 4 input functions                    ; 16                  ;
;     -- 3 input functions                    ; 8                   ;
;     -- <=2 input functions                  ; 61                  ;
;                                             ;                     ;
; Logic elements by mode                      ;                     ;
;     -- normal mode                          ; 54                  ;
;     -- arithmetic mode                      ; 31                  ;
;                                             ;                     ;
; Total registers                             ; 33                  ;
;     -- Dedicated logic registers            ; 33                  ;
;     -- I/O registers                        ; 0                   ;
;                                             ;                     ;
; I/O pins                                    ; 185                 ;
;                                             ;                     ;
; Embedded Multiplier 9-bit elements          ; 0                   ;
;                                             ;                     ;
; Maximum fan-out node                        ; MAX10_CLK1_50~input ;
; Maximum fan-out                             ; 33                  ;
; Total fan-out                               ; 544                 ;
; Average fan-out                             ; 0.97                ;
+---------------------------------------------+---------------------+


+---------------------------------------------------------------------------------------------------------------------------------------------------------------------------------------------------------------------------------------------------------------------------+
; Analysis & Synthesis Resource Utilization by Entity                                                                                                                                                                                                                       ;
+----------------------------+---------------------+---------------------------+-------------+------------+--------------+---------+-----------+------+--------------+------------+------------------------------------------------+-------------------------+--------------+
; Compilation Hierarchy Node ; Combinational ALUTs ; Dedicated Logic Registers ; Memory Bits ; UFM Blocks ; DSP Elements ; DSP 9x9 ; DSP 18x18 ; Pins ; Virtual Pins ; ADC blocks ; Full Hierarchy Name                            ; Entity Name             ; Library Name ;
+----------------------------+---------------------+---------------------------+-------------+------------+--------------+---------+-----------+------+--------------+------------+------------------------------------------------+-------------------------+--------------+
; |RaspberryPi_Accelerator   ; 85 (71)             ; 33 (33)                   ; 0           ; 0          ; 0            ; 0       ; 0         ; 185  ; 0            ; 0          ; |RaspberryPi_Accelerator                       ; RaspberryPi_Accelerator ; work         ;
;    |four_to_one_mux:MMISO| ; 2 (2)               ; 0 (0)                     ; 0           ; 0          ; 0            ; 0       ; 0         ; 0    ; 0            ; 0          ; |RaspberryPi_Accelerator|four_to_one_mux:MMISO ; four_to_one_mux         ; work         ;
;    |two_to_one_mux:MCE0|   ; 1 (1)               ; 0 (0)                     ; 0           ; 0          ; 0            ; 0       ; 0         ; 0    ; 0            ; 0          ; |RaspberryPi_Accelerator|two_to_one_mux:MCE0   ; two_to_one_mux          ; work         ;
;    |two_to_one_mux:MCE1|   ; 1 (1)               ; 0 (0)                     ; 0           ; 0          ; 0            ; 0       ; 0         ; 0    ; 0            ; 0          ; |RaspberryPi_Accelerator|two_to_one_mux:MCE1   ; two_to_one_mux          ; work         ;
;    |two_to_one_mux:MCE2|   ; 1 (1)               ; 0 (0)                     ; 0           ; 0          ; 0            ; 0       ; 0         ; 0    ; 0            ; 0          ; |RaspberryPi_Accelerator|two_to_one_mux:MCE2   ; two_to_one_mux          ; work         ;
;    |two_to_one_mux:MCE3|   ; 1 (1)               ; 0 (0)                     ; 0           ; 0          ; 0            ; 0       ; 0         ; 0    ; 0            ; 0          ; |RaspberryPi_Accelerator|two_to_one_mux:MCE3   ; two_to_one_mux          ; work         ;
;    |two_to_one_mux:MI0|    ; 1 (1)               ; 0 (0)                     ; 0           ; 0          ; 0            ; 0       ; 0         ; 0    ; 0            ; 0          ; |RaspberryPi_Accelerator|two_to_one_mux:MI0    ; two_to_one_mux          ; work         ;
;    |two_to_one_mux:MI1|    ; 1 (1)               ; 0 (0)                     ; 0           ; 0          ; 0            ; 0       ; 0         ; 0    ; 0            ; 0          ; |RaspberryPi_Accelerator|two_to_one_mux:MI1    ; two_to_one_mux          ; work         ;
;    |two_to_one_mux:MI2|    ; 1 (1)               ; 0 (0)                     ; 0           ; 0          ; 0            ; 0       ; 0         ; 0    ; 0            ; 0          ; |RaspberryPi_Accelerator|two_to_one_mux:MI2    ; two_to_one_mux          ; work         ;
;    |two_to_one_mux:MI3|    ; 1 (1)               ; 0 (0)                     ; 0           ; 0          ; 0            ; 0       ; 0         ; 0    ; 0            ; 0          ; |RaspberryPi_Accelerator|two_to_one_mux:MI3    ; two_to_one_mux          ; work         ;
;    |two_to_one_mux:MSCLK0| ; 1 (1)               ; 0 (0)                     ; 0           ; 0          ; 0            ; 0       ; 0         ; 0    ; 0            ; 0          ; |RaspberryPi_Accelerator|two_to_one_mux:MSCLK0 ; two_to_one_mux          ; work         ;
;    |two_to_one_mux:MSCLK1| ; 1 (1)               ; 0 (0)                     ; 0           ; 0          ; 0            ; 0       ; 0         ; 0    ; 0            ; 0          ; |RaspberryPi_Accelerator|two_to_one_mux:MSCLK1 ; two_to_one_mux          ; work         ;
;    |two_to_one_mux:MSCLK2| ; 1 (1)               ; 0 (0)                     ; 0           ; 0          ; 0            ; 0       ; 0         ; 0    ; 0            ; 0          ; |RaspberryPi_Accelerator|two_to_one_mux:MSCLK2 ; two_to_one_mux          ; work         ;
;    |two_to_one_mux:MSCLK3| ; 1 (1)               ; 0 (0)                     ; 0           ; 0          ; 0            ; 0       ; 0         ; 0    ; 0            ; 0          ; |RaspberryPi_Accelerator|two_to_one_mux:MSCLK3 ; two_to_one_mux          ; work         ;
+----------------------------+---------------------+---------------------------+-------------+------------+--------------+---------+-----------+------+--------------+------------+------------------------------------------------+-------------------------+--------------+
Note: For table entries with two numbers listed, the numbers in parentheses indicate the number of resources of the given type used by the specific entity alone. The numbers listed outside of parentheses indicate the total resources of the given type used by the specific entity and all of its sub-entities in the hierarchy.


+------------------------------------------------------+
; General Register Statistics                          ;
+----------------------------------------------+-------+
; Statistic                                    ; Value ;
+----------------------------------------------+-------+
; Total registers                              ; 33    ;
; Number of registers using Synchronous Clear  ; 0     ;
; Number of registers using Synchronous Load   ; 0     ;
; Number of registers using Asynchronous Clear ; 0     ;
; Number of registers using Asynchronous Load  ; 0     ;
; Number of registers using Clock Enable       ; 0     ;
; Number of registers using Preset             ; 0     ;
+----------------------------------------------+-------+


+------------------------------------------------------------------------------------------------------------------------+
; Port Connectivity Checks: "SRAM_SPI_RW:S3"                                                                             ;
+--------------+--------+----------+-------------------------------------------------------------------------------------+
; Port         ; Type   ; Severity ; Details                                                                             ;
+--------------+--------+----------+-------------------------------------------------------------------------------------+
; cs           ; Output ; Info     ; Connected to dangling logic. Logic that only feeds a dangling port will be removed. ;
; MOSI         ; Output ; Info     ; Connected to dangling logic. Logic that only feeds a dangling port will be removed. ;
; out_reg      ; Output ; Info     ; Connected to dangling logic. Logic that only feeds a dangling port will be removed. ;
; output_valid ; Output ; Info     ; Connected to dangling logic. Logic that only feeds a dangling port will be removed. ;
+--------------+--------+----------+-------------------------------------------------------------------------------------+


+------------------------------------------------------------------------------------------------------------------------+
; Port Connectivity Checks: "SRAM_SPI_RW:S2"                                                                             ;
+--------------+--------+----------+-------------------------------------------------------------------------------------+
; Port         ; Type   ; Severity ; Details                                                                             ;
+--------------+--------+----------+-------------------------------------------------------------------------------------+
; cs           ; Output ; Info     ; Connected to dangling logic. Logic that only feeds a dangling port will be removed. ;
; MOSI         ; Output ; Info     ; Connected to dangling logic. Logic that only feeds a dangling port will be removed. ;
; out_reg      ; Output ; Info     ; Connected to dangling logic. Logic that only feeds a dangling port will be removed. ;
; output_valid ; Output ; Info     ; Connected to dangling logic. Logic that only feeds a dangling port will be removed. ;
+--------------+--------+----------+-------------------------------------------------------------------------------------+


+------------------------------------------------------------------------------------------------------------------------+
; Port Connectivity Checks: "SRAM_SPI_RW:S1"                                                                             ;
+--------------+--------+----------+-------------------------------------------------------------------------------------+
; Port         ; Type   ; Severity ; Details                                                                             ;
+--------------+--------+----------+-------------------------------------------------------------------------------------+
; cs           ; Output ; Info     ; Connected to dangling logic. Logic that only feeds a dangling port will be removed. ;
; MOSI         ; Output ; Info     ; Connected to dangling logic. Logic that only feeds a dangling port will be removed. ;
; out_reg      ; Output ; Info     ; Connected to dangling logic. Logic that only feeds a dangling port will be removed. ;
; output_valid ; Output ; Info     ; Connected to dangling logic. Logic that only feeds a dangling port will be removed. ;
+--------------+--------+----------+-------------------------------------------------------------------------------------+


+------------------------------------------------------------------------------------------------------------------------+
; Port Connectivity Checks: "SRAM_SPI_RW:S0"                                                                             ;
+--------------+--------+----------+-------------------------------------------------------------------------------------+
; Port         ; Type   ; Severity ; Details                                                                             ;
+--------------+--------+----------+-------------------------------------------------------------------------------------+
; cs           ; Output ; Info     ; Connected to dangling logic. Logic that only feeds a dangling port will be removed. ;
; MOSI         ; Output ; Info     ; Connected to dangling logic. Logic that only feeds a dangling port will be removed. ;
; out_reg      ; Output ; Info     ; Connected to dangling logic. Logic that only feeds a dangling port will be removed. ;
; output_valid ; Output ; Info     ; Connected to dangling logic. Logic that only feeds a dangling port will be removed. ;
+--------------+--------+----------+-------------------------------------------------------------------------------------+


+-----------------------------------------------------+
; Post-Synthesis Netlist Statistics for Top Partition ;
+-----------------------+-----------------------------+
; Type                  ; Count                       ;
+-----------------------+-----------------------------+
; boundary_port         ; 185                         ;
; cycloneiii_ff         ; 33                          ;
;     plain             ; 33                          ;
; cycloneiii_io_obuf    ; 71                          ;
; cycloneiii_lcell_comb ; 86                          ;
;     arith             ; 31                          ;
;         2 data inputs ; 31                          ;
;     normal            ; 55                          ;
;         0 data inputs ; 1                           ;
;         1 data inputs ; 1                           ;
;         2 data inputs ; 29                          ;
;         3 data inputs ; 8                           ;
;         4 data inputs ; 16                          ;
;                       ;                             ;
; Max LUT depth         ; 5.10                        ;
; Average LUT depth     ; 2.53                        ;
+-----------------------+-----------------------------+


+-------------------------------+
; Elapsed Time Per Partition    ;
+----------------+--------------+
; Partition Name ; Elapsed Time ;
+----------------+--------------+
; Top            ; 00:00:01     ;
+----------------+--------------+


+-------------------------------+
; Analysis & Synthesis Messages ;
+-------------------------------+
Info: *******************************************************************
Info: Running Quartus Prime Analysis & Synthesis
    Info: Version 21.1.1 Build 850 06/23/2022 SJ Lite Edition
    Info: Processing started: Thu May  4 15:46:54 2023
Info: Command: quartus_map --read_settings_files=on --write_settings_files=off RaspberryPi_Accelerator -c RaspberryPi_Accelerator
Warning (18236): Number of processors has not been specified which may cause overloading on shared machines.  Set the global assignment NUM_PARALLEL_PROCESSORS in your QSF to an appropriate value for best performance.
Info (20030): Parallel compilation is enabled and will use 4 of the 4 processors detected
Info (12021): Found 1 design units, including 1 entities, in source file sram_spi_rw.sv
    Info (12023): Found entity 1: SRAM_SPI_RW File: C:/Users/justi/Desktop/MSEE/BEE525/Material/DE10/Tools/SystemBuilder/CodeGenerated/DE10_LITE/RaspberryPi_Accelerator/SRAM_SPI_RW.sv Line: 3
Info (12021): Found 1 design units, including 1 entities, in source file four_to_one_mux.sv
    Info (12023): Found entity 1: four_to_one_mux File: C:/Users/justi/Desktop/MSEE/BEE525/Material/DE10/Tools/SystemBuilder/CodeGenerated/DE10_LITE/RaspberryPi_Accelerator/four_to_one_mux.sv Line: 1
Info (12021): Found 1 design units, including 1 entities, in source file two_to_one_mux.sv
    Info (12023): Found entity 1: two_to_one_mux File: C:/Users/justi/Desktop/MSEE/BEE525/Material/DE10/Tools/SystemBuilder/CodeGenerated/DE10_LITE/RaspberryPi_Accelerator/two_to_one_mux.sv Line: 1
Info (12021): Found 1 design units, including 1 entities, in source file two_to_four_decoder.sv
    Info (12023): Found entity 1: two_to_four_decoder File: C:/Users/justi/Desktop/MSEE/BEE525/Material/DE10/Tools/SystemBuilder/CodeGenerated/DE10_LITE/RaspberryPi_Accelerator/two_to_four_decoder.sv Line: 1
Info (12021): Found 1 design units, including 1 entities, in source file rpi_connector.sv
    Info (12023): Found entity 1: RPi_connector File: C:/Users/justi/Desktop/MSEE/BEE525/Material/DE10/Tools/SystemBuilder/CodeGenerated/DE10_LITE/RaspberryPi_Accelerator/RPi_connector.sv Line: 1
Info (12021): Found 1 design units, including 1 entities, in source file raspberrypi_accelerator.sv
    Info (12023): Found entity 1: RaspberryPi_Accelerator File: C:/Users/justi/Desktop/MSEE/BEE525/Material/DE10/Tools/SystemBuilder/CodeGenerated/DE10_LITE/RaspberryPi_Accelerator/RaspberryPi_Accelerator.sv Line: 6
Warning (10236): Verilog HDL Implicit Net warning at RaspberryPi_Accelerator.sv(173): created implicit net for "FI0" File: C:/Users/justi/Desktop/MSEE/BEE525/Material/DE10/Tools/SystemBuilder/CodeGenerated/DE10_LITE/RaspberryPi_Accelerator/RaspberryPi_Accelerator.sv Line: 173
Warning (10236): Verilog HDL Implicit Net warning at RaspberryPi_Accelerator.sv(175): created implicit net for "fs0" File: C:/Users/justi/Desktop/MSEE/BEE525/Material/DE10/Tools/SystemBuilder/CodeGenerated/DE10_LITE/RaspberryPi_Accelerator/RaspberryPi_Accelerator.sv Line: 175
Warning (10236): Verilog HDL Implicit Net warning at RaspberryPi_Accelerator.sv(184): created implicit net for "FI1" File: C:/Users/justi/Desktop/MSEE/BEE525/Material/DE10/Tools/SystemBuilder/CodeGenerated/DE10_LITE/RaspberryPi_Accelerator/RaspberryPi_Accelerator.sv Line: 184
Warning (10236): Verilog HDL Implicit Net warning at RaspberryPi_Accelerator.sv(186): created implicit net for "fs1" File: C:/Users/justi/Desktop/MSEE/BEE525/Material/DE10/Tools/SystemBuilder/CodeGenerated/DE10_LITE/RaspberryPi_Accelerator/RaspberryPi_Accelerator.sv Line: 186
Warning (10236): Verilog HDL Implicit Net warning at RaspberryPi_Accelerator.sv(195): created implicit net for "FI2" File: C:/Users/justi/Desktop/MSEE/BEE525/Material/DE10/Tools/SystemBuilder/CodeGenerated/DE10_LITE/RaspberryPi_Accelerator/RaspberryPi_Accelerator.sv Line: 195
Warning (10236): Verilog HDL Implicit Net warning at RaspberryPi_Accelerator.sv(197): created implicit net for "fs2" File: C:/Users/justi/Desktop/MSEE/BEE525/Material/DE10/Tools/SystemBuilder/CodeGenerated/DE10_LITE/RaspberryPi_Accelerator/RaspberryPi_Accelerator.sv Line: 197
Warning (10236): Verilog HDL Implicit Net warning at RaspberryPi_Accelerator.sv(206): created implicit net for "FI3" File: C:/Users/justi/Desktop/MSEE/BEE525/Material/DE10/Tools/SystemBuilder/CodeGenerated/DE10_LITE/RaspberryPi_Accelerator/RaspberryPi_Accelerator.sv Line: 206
Warning (10236): Verilog HDL Implicit Net warning at RaspberryPi_Accelerator.sv(208): created implicit net for "fs3" File: C:/Users/justi/Desktop/MSEE/BEE525/Material/DE10/Tools/SystemBuilder/CodeGenerated/DE10_LITE/RaspberryPi_Accelerator/RaspberryPi_Accelerator.sv Line: 208
Info (12127): Elaborating entity "RaspberryPi_Accelerator" for the top level hierarchy
Warning (10036): Verilog HDL or VHDL warning at RaspberryPi_Accelerator.sv(110): object "cs1" assigned a value but never read File: C:/Users/justi/Desktop/MSEE/BEE525/Material/DE10/Tools/SystemBuilder/CodeGenerated/DE10_LITE/RaspberryPi_Accelerator/RaspberryPi_Accelerator.sv Line: 110
Warning (10034): Output port "DRAM_ADDR" at RaspberryPi_Accelerator.sv(14) has no driver File: C:/Users/justi/Desktop/MSEE/BEE525/Material/DE10/Tools/SystemBuilder/CodeGenerated/DE10_LITE/RaspberryPi_Accelerator/RaspberryPi_Accelerator.sv Line: 14
Warning (10034): Output port "DRAM_BA" at RaspberryPi_Accelerator.sv(15) has no driver File: C:/Users/justi/Desktop/MSEE/BEE525/Material/DE10/Tools/SystemBuilder/CodeGenerated/DE10_LITE/RaspberryPi_Accelerator/RaspberryPi_Accelerator.sv Line: 15
Warning (10034): Output port "HEX0" at RaspberryPi_Accelerator.sv(27) has no driver File: C:/Users/justi/Desktop/MSEE/BEE525/Material/DE10/Tools/SystemBuilder/CodeGenerated/DE10_LITE/RaspberryPi_Accelerator/RaspberryPi_Accelerator.sv Line: 27
Warning (10034): Output port "HEX1" at RaspberryPi_Accelerator.sv(28) has no driver File: C:/Users/justi/Desktop/MSEE/BEE525/Material/DE10/Tools/SystemBuilder/CodeGenerated/DE10_LITE/RaspberryPi_Accelerator/RaspberryPi_Accelerator.sv Line: 28
Warning (10034): Output port "HEX2" at RaspberryPi_Accelerator.sv(29) has no driver File: C:/Users/justi/Desktop/MSEE/BEE525/Material/DE10/Tools/SystemBuilder/CodeGenerated/DE10_LITE/RaspberryPi_Accelerator/RaspberryPi_Accelerator.sv Line: 29
Warning (10034): Output port "HEX3" at RaspberryPi_Accelerator.sv(30) has no driver File: C:/Users/justi/Desktop/MSEE/BEE525/Material/DE10/Tools/SystemBuilder/CodeGenerated/DE10_LITE/RaspberryPi_Accelerator/RaspberryPi_Accelerator.sv Line: 30
Warning (10034): Output port "HEX4" at RaspberryPi_Accelerator.sv(31) has no driver File: C:/Users/justi/Desktop/MSEE/BEE525/Material/DE10/Tools/SystemBuilder/CodeGenerated/DE10_LITE/RaspberryPi_Accelerator/RaspberryPi_Accelerator.sv Line: 31
Warning (10034): Output port "HEX5" at RaspberryPi_Accelerator.sv(32) has no driver File: C:/Users/justi/Desktop/MSEE/BEE525/Material/DE10/Tools/SystemBuilder/CodeGenerated/DE10_LITE/RaspberryPi_Accelerator/RaspberryPi_Accelerator.sv Line: 32
Warning (10034): Output port "LEDR" at RaspberryPi_Accelerator.sv(38) has no driver File: C:/Users/justi/Desktop/MSEE/BEE525/Material/DE10/Tools/SystemBuilder/CodeGenerated/DE10_LITE/RaspberryPi_Accelerator/RaspberryPi_Accelerator.sv Line: 38
Warning (10034): Output port "VGA_B" at RaspberryPi_Accelerator.sv(44) has no driver File: C:/Users/justi/Desktop/MSEE/BEE525/Material/DE10/Tools/SystemBuilder/CodeGenerated/DE10_LITE/RaspberryPi_Accelerator/RaspberryPi_Accelerator.sv Line: 44
Warning (10034): Output port "VGA_G" at RaspberryPi_Accelerator.sv(45) has no driver File: C:/Users/justi/Desktop/MSEE/BEE525/Material/DE10/Tools/SystemBuilder/CodeGenerated/DE10_LITE/RaspberryPi_Accelerator/RaspberryPi_Accelerator.sv Line: 45
Warning (10034): Output port "VGA_R" at RaspberryPi_Accelerator.sv(47) has no driver File: C:/Users/justi/Desktop/MSEE/BEE525/Material/DE10/Tools/SystemBuilder/CodeGenerated/DE10_LITE/RaspberryPi_Accelerator/RaspberryPi_Accelerator.sv Line: 47
Warning (10034): Output port "DRAM_CAS_N" at RaspberryPi_Accelerator.sv(16) has no driver File: C:/Users/justi/Desktop/MSEE/BEE525/Material/DE10/Tools/SystemBuilder/CodeGenerated/DE10_LITE/RaspberryPi_Accelerator/RaspberryPi_Accelerator.sv Line: 16
Warning (10034): Output port "DRAM_CKE" at RaspberryPi_Accelerator.sv(17) has no driver File: C:/Users/justi/Desktop/MSEE/BEE525/Material/DE10/Tools/SystemBuilder/CodeGenerated/DE10_LITE/RaspberryPi_Accelerator/RaspberryPi_Accelerator.sv Line: 17
Warning (10034): Output port "DRAM_CLK" at RaspberryPi_Accelerator.sv(18) has no driver File: C:/Users/justi/Desktop/MSEE/BEE525/Material/DE10/Tools/SystemBuilder/CodeGenerated/DE10_LITE/RaspberryPi_Accelerator/RaspberryPi_Accelerator.sv Line: 18
Warning (10034): Output port "DRAM_CS_N" at RaspberryPi_Accelerator.sv(19) has no driver File: C:/Users/justi/Desktop/MSEE/BEE525/Material/DE10/Tools/SystemBuilder/CodeGenerated/DE10_LITE/RaspberryPi_Accelerator/RaspberryPi_Accelerator.sv Line: 19
Warning (10034): Output port "DRAM_LDQM" at RaspberryPi_Accelerator.sv(21) has no driver File: C:/Users/justi/Desktop/MSEE/BEE525/Material/DE10/Tools/SystemBuilder/CodeGenerated/DE10_LITE/RaspberryPi_Accelerator/RaspberryPi_Accelerator.sv Line: 21
Warning (10034): Output port "DRAM_RAS_N" at RaspberryPi_Accelerator.sv(22) has no driver File: C:/Users/justi/Desktop/MSEE/BEE525/Material/DE10/Tools/SystemBuilder/CodeGenerated/DE10_LITE/RaspberryPi_Accelerator/RaspberryPi_Accelerator.sv Line: 22
Warning (10034): Output port "DRAM_UDQM" at RaspberryPi_Accelerator.sv(23) has no driver File: C:/Users/justi/Desktop/MSEE/BEE525/Material/DE10/Tools/SystemBuilder/CodeGenerated/DE10_LITE/RaspberryPi_Accelerator/RaspberryPi_Accelerator.sv Line: 23
Warning (10034): Output port "DRAM_WE_N" at RaspberryPi_Accelerator.sv(24) has no driver File: C:/Users/justi/Desktop/MSEE/BEE525/Material/DE10/Tools/SystemBuilder/CodeGenerated/DE10_LITE/RaspberryPi_Accelerator/RaspberryPi_Accelerator.sv Line: 24
Warning (10034): Output port "VGA_HS" at RaspberryPi_Accelerator.sv(46) has no driver File: C:/Users/justi/Desktop/MSEE/BEE525/Material/DE10/Tools/SystemBuilder/CodeGenerated/DE10_LITE/RaspberryPi_Accelerator/RaspberryPi_Accelerator.sv Line: 46
Warning (10034): Output port "VGA_VS" at RaspberryPi_Accelerator.sv(48) has no driver File: C:/Users/justi/Desktop/MSEE/BEE525/Material/DE10/Tools/SystemBuilder/CodeGenerated/DE10_LITE/RaspberryPi_Accelerator/RaspberryPi_Accelerator.sv Line: 48
Warning (10034): Output port "GSENSOR_CS_N" at RaspberryPi_Accelerator.sv(51) has no driver File: C:/Users/justi/Desktop/MSEE/BEE525/Material/DE10/Tools/SystemBuilder/CodeGenerated/DE10_LITE/RaspberryPi_Accelerator/RaspberryPi_Accelerator.sv Line: 51
Warning (10034): Output port "GSENSOR_SCLK" at RaspberryPi_Accelerator.sv(53) has no driver File: C:/Users/justi/Desktop/MSEE/BEE525/Material/DE10/Tools/SystemBuilder/CodeGenerated/DE10_LITE/RaspberryPi_Accelerator/RaspberryPi_Accelerator.sv Line: 53
Info (12128): Elaborating entity "SRAM_SPI_RW" for hierarchy "SRAM_SPI_RW:S0" File: C:/Users/justi/Desktop/MSEE/BEE525/Material/DE10/Tools/SystemBuilder/CodeGenerated/DE10_LITE/RaspberryPi_Accelerator/RaspberryPi_Accelerator.sv Line: 164
Warning (10230): Verilog HDL assignment warning at SRAM_SPI_RW.sv(70): truncated value with size 32 to match size of target (6) File: C:/Users/justi/Desktop/MSEE/BEE525/Material/DE10/Tools/SystemBuilder/CodeGenerated/DE10_LITE/RaspberryPi_Accelerator/SRAM_SPI_RW.sv Line: 70
Warning (10230): Verilog HDL assignment warning at SRAM_SPI_RW.sv(99): truncated value with size 32 to match size of target (6) File: C:/Users/justi/Desktop/MSEE/BEE525/Material/DE10/Tools/SystemBuilder/CodeGenerated/DE10_LITE/RaspberryPi_Accelerator/SRAM_SPI_RW.sv Line: 99
Info (12128): Elaborating entity "two_to_four_decoder" for hierarchy "two_to_four_decoder:D0" File: C:/Users/justi/Desktop/MSEE/BEE525/Material/DE10/Tools/SystemBuilder/CodeGenerated/DE10_LITE/RaspberryPi_Accelerator/RaspberryPi_Accelerator.sv Line: 170
Info (12128): Elaborating entity "two_to_one_mux" for hierarchy "two_to_one_mux:MI0" File: C:/Users/justi/Desktop/MSEE/BEE525/Material/DE10/Tools/SystemBuilder/CodeGenerated/DE10_LITE/RaspberryPi_Accelerator/RaspberryPi_Accelerator.sv Line: 173
Info (12128): Elaborating entity "four_to_one_mux" for hierarchy "four_to_one_mux:MMISO" File: C:/Users/justi/Desktop/MSEE/BEE525/Material/DE10/Tools/SystemBuilder/CodeGenerated/DE10_LITE/RaspberryPi_Accelerator/RaspberryPi_Accelerator.sv Line: 217
Warning (13034): The following nodes have both tri-state and non-tri-state drivers
    Warning (13035): Inserted always-enabled tri-state buffer between "GPIO[3]" and its non-tri-state driver. File: C:/Users/justi/Desktop/MSEE/BEE525/Material/DE10/Tools/SystemBuilder/CodeGenerated/DE10_LITE/RaspberryPi_Accelerator/RaspberryPi_Accelerator.sv Line: 63
    Warning (13035): Inserted always-enabled tri-state buffer between "GPIO[10]" and its non-tri-state driver. File: C:/Users/justi/Desktop/MSEE/BEE525/Material/DE10/Tools/SystemBuilder/CodeGenerated/DE10_LITE/RaspberryPi_Accelerator/RaspberryPi_Accelerator.sv Line: 63
    Warning (13035): Inserted always-enabled tri-state buffer between "GPIO[11]" and its non-tri-state driver. File: C:/Users/justi/Desktop/MSEE/BEE525/Material/DE10/Tools/SystemBuilder/CodeGenerated/DE10_LITE/RaspberryPi_Accelerator/RaspberryPi_Accelerator.sv Line: 63
    Warning (13035): Inserted always-enabled tri-state buffer between "GPIO[13]" and its non-tri-state driver. File: C:/Users/justi/Desktop/MSEE/BEE525/Material/DE10/Tools/SystemBuilder/CodeGenerated/DE10_LITE/RaspberryPi_Accelerator/RaspberryPi_Accelerator.sv Line: 63
    Warning (13035): Inserted always-enabled tri-state buffer between "GPIO[18]" and its non-tri-state driver. File: C:/Users/justi/Desktop/MSEE/BEE525/Material/DE10/Tools/SystemBuilder/CodeGenerated/DE10_LITE/RaspberryPi_Accelerator/RaspberryPi_Accelerator.sv Line: 63
    Warning (13035): Inserted always-enabled tri-state buffer between "GPIO[19]" and its non-tri-state driver. File: C:/Users/justi/Desktop/MSEE/BEE525/Material/DE10/Tools/SystemBuilder/CodeGenerated/DE10_LITE/RaspberryPi_Accelerator/RaspberryPi_Accelerator.sv Line: 63
    Warning (13035): Inserted always-enabled tri-state buffer between "GPIO[21]" and its non-tri-state driver. File: C:/Users/justi/Desktop/MSEE/BEE525/Material/DE10/Tools/SystemBuilder/CodeGenerated/DE10_LITE/RaspberryPi_Accelerator/RaspberryPi_Accelerator.sv Line: 63
    Warning (13035): Inserted always-enabled tri-state buffer between "GPIO[26]" and its non-tri-state driver. File: C:/Users/justi/Desktop/MSEE/BEE525/Material/DE10/Tools/SystemBuilder/CodeGenerated/DE10_LITE/RaspberryPi_Accelerator/RaspberryPi_Accelerator.sv Line: 63
    Warning (13035): Inserted always-enabled tri-state buffer between "GPIO[27]" and its non-tri-state driver. File: C:/Users/justi/Desktop/MSEE/BEE525/Material/DE10/Tools/SystemBuilder/CodeGenerated/DE10_LITE/RaspberryPi_Accelerator/RaspberryPi_Accelerator.sv Line: 63
    Warning (13035): Inserted always-enabled tri-state buffer between "GPIO[29]" and its non-tri-state driver. File: C:/Users/justi/Desktop/MSEE/BEE525/Material/DE10/Tools/SystemBuilder/CodeGenerated/DE10_LITE/RaspberryPi_Accelerator/RaspberryPi_Accelerator.sv Line: 63
    Warning (13035): Inserted always-enabled tri-state buffer between "GPIO[32]" and its non-tri-state driver. File: C:/Users/justi/Desktop/MSEE/BEE525/Material/DE10/Tools/SystemBuilder/CodeGenerated/DE10_LITE/RaspberryPi_Accelerator/RaspberryPi_Accelerator.sv Line: 63
    Warning (13035): Inserted always-enabled tri-state buffer between "GPIO[33]" and its non-tri-state driver. File: C:/Users/justi/Desktop/MSEE/BEE525/Material/DE10/Tools/SystemBuilder/CodeGenerated/DE10_LITE/RaspberryPi_Accelerator/RaspberryPi_Accelerator.sv Line: 63
    Warning (13035): Inserted always-enabled tri-state buffer between "GPIO[35]" and its non-tri-state driver. File: C:/Users/justi/Desktop/MSEE/BEE525/Material/DE10/Tools/SystemBuilder/CodeGenerated/DE10_LITE/RaspberryPi_Accelerator/RaspberryPi_Accelerator.sv Line: 63
Warning (13039): The following bidirectional pins have no drivers
    Warning (13040): bidirectional pin "GPIO[0]" has no driver File: C:/Users/justi/Desktop/MSEE/BEE525/Material/DE10/Tools/SystemBuilder/CodeGenerated/DE10_LITE/RaspberryPi_Accelerator/RaspberryPi_Accelerator.sv Line: 63
    Warning (13040): bidirectional pin "GPIO[1]" has no driver File: C:/Users/justi/Desktop/MSEE/BEE525/Material/DE10/Tools/SystemBuilder/CodeGenerated/DE10_LITE/RaspberryPi_Accelerator/RaspberryPi_Accelerator.sv Line: 63
    Warning (13040): bidirectional pin "GPIO[5]" has no driver File: C:/Users/justi/Desktop/MSEE/BEE525/Material/DE10/Tools/SystemBuilder/CodeGenerated/DE10_LITE/RaspberryPi_Accelerator/RaspberryPi_Accelerator.sv Line: 63
    Warning (13040): bidirectional pin "GPIO[12]" has no driver File: C:/Users/justi/Desktop/MSEE/BEE525/Material/DE10/Tools/SystemBuilder/CodeGenerated/DE10_LITE/RaspberryPi_Accelerator/RaspberryPi_Accelerator.sv Line: 63
    Warning (13040): bidirectional pin "GPIO[20]" has no driver File: C:/Users/justi/Desktop/MSEE/BEE525/Material/DE10/Tools/SystemBuilder/CodeGenerated/DE10_LITE/RaspberryPi_Accelerator/RaspberryPi_Accelerator.sv Line: 63
    Warning (13040): bidirectional pin "GPIO[28]" has no driver File: C:/Users/justi/Desktop/MSEE/BEE525/Material/DE10/Tools/SystemBuilder/CodeGenerated/DE10_LITE/RaspberryPi_Accelerator/RaspberryPi_Accelerator.sv Line: 63
    Warning (13040): bidirectional pin "GPIO[34]" has no driver File: C:/Users/justi/Desktop/MSEE/BEE525/Material/DE10/Tools/SystemBuilder/CodeGenerated/DE10_LITE/RaspberryPi_Accelerator/RaspberryPi_Accelerator.sv Line: 63
    Warning (13040): bidirectional pin "DRAM_DQ[0]" has no driver File: C:/Users/justi/Desktop/MSEE/BEE525/Material/DE10/Tools/SystemBuilder/CodeGenerated/DE10_LITE/RaspberryPi_Accelerator/RaspberryPi_Accelerator.sv Line: 20
    Warning (13040): bidirectional pin "DRAM_DQ[1]" has no driver File: C:/Users/justi/Desktop/MSEE/BEE525/Material/DE10/Tools/SystemBuilder/CodeGenerated/DE10_LITE/RaspberryPi_Accelerator/RaspberryPi_Accelerator.sv Line: 20
    Warning (13040): bidirectional pin "DRAM_DQ[2]" has no driver File: C:/Users/justi/Desktop/MSEE/BEE525/Material/DE10/Tools/SystemBuilder/CodeGenerated/DE10_LITE/RaspberryPi_Accelerator/RaspberryPi_Accelerator.sv Line: 20
    Warning (13040): bidirectional pin "DRAM_DQ[3]" has no driver File: C:/Users/justi/Desktop/MSEE/BEE525/Material/DE10/Tools/SystemBuilder/CodeGenerated/DE10_LITE/RaspberryPi_Accelerator/RaspberryPi_Accelerator.sv Line: 20
    Warning (13040): bidirectional pin "DRAM_DQ[4]" has no driver File: C:/Users/justi/Desktop/MSEE/BEE525/Material/DE10/Tools/SystemBuilder/CodeGenerated/DE10_LITE/RaspberryPi_Accelerator/RaspberryPi_Accelerator.sv Line: 20
    Warning (13040): bidirectional pin "DRAM_DQ[5]" has no driver File: C:/Users/justi/Desktop/MSEE/BEE525/Material/DE10/Tools/SystemBuilder/CodeGenerated/DE10_LITE/RaspberryPi_Accelerator/RaspberryPi_Accelerator.sv Line: 20
    Warning (13040): bidirectional pin "DRAM_DQ[6]" has no driver File: C:/Users/justi/Desktop/MSEE/BEE525/Material/DE10/Tools/SystemBuilder/CodeGenerated/DE10_LITE/RaspberryPi_Accelerator/RaspberryPi_Accelerator.sv Line: 20
    Warning (13040): bidirectional pin "DRAM_DQ[7]" has no driver File: C:/Users/justi/Desktop/MSEE/BEE525/Material/DE10/Tools/SystemBuilder/CodeGenerated/DE10_LITE/RaspberryPi_Accelerator/RaspberryPi_Accelerator.sv Line: 20
    Warning (13040): bidirectional pin "DRAM_DQ[8]" has no driver File: C:/Users/justi/Desktop/MSEE/BEE525/Material/DE10/Tools/SystemBuilder/CodeGenerated/DE10_LITE/RaspberryPi_Accelerator/RaspberryPi_Accelerator.sv Line: 20
    Warning (13040): bidirectional pin "DRAM_DQ[9]" has no driver File: C:/Users/justi/Desktop/MSEE/BEE525/Material/DE10/Tools/SystemBuilder/CodeGenerated/DE10_LITE/RaspberryPi_Accelerator/RaspberryPi_Accelerator.sv Line: 20
    Warning (13040): bidirectional pin "DRAM_DQ[10]" has no driver File: C:/Users/justi/Desktop/MSEE/BEE525/Material/DE10/Tools/SystemBuilder/CodeGenerated/DE10_LITE/RaspberryPi_Accelerator/RaspberryPi_Accelerator.sv Line: 20
    Warning (13040): bidirectional pin "DRAM_DQ[11]" has no driver File: C:/Users/justi/Desktop/MSEE/BEE525/Material/DE10/Tools/SystemBuilder/CodeGenerated/DE10_LITE/RaspberryPi_Accelerator/RaspberryPi_Accelerator.sv Line: 20
    Warning (13040): bidirectional pin "DRAM_DQ[12]" has no driver File: C:/Users/justi/Desktop/MSEE/BEE525/Material/DE10/Tools/SystemBuilder/CodeGenerated/DE10_LITE/RaspberryPi_Accelerator/RaspberryPi_Accelerator.sv Line: 20
    Warning (13040): bidirectional pin "DRAM_DQ[13]" has no driver File: C:/Users/justi/Desktop/MSEE/BEE525/Material/DE10/Tools/SystemBuilder/CodeGenerated/DE10_LITE/RaspberryPi_Accelerator/RaspberryPi_Accelerator.sv Line: 20
    Warning (13040): bidirectional pin "DRAM_DQ[14]" has no driver File: C:/Users/justi/Desktop/MSEE/BEE525/Material/DE10/Tools/SystemBuilder/CodeGenerated/DE10_LITE/RaspberryPi_Accelerator/RaspberryPi_Accelerator.sv Line: 20
    Warning (13040): bidirectional pin "DRAM_DQ[15]" has no driver File: C:/Users/justi/Desktop/MSEE/BEE525/Material/DE10/Tools/SystemBuilder/CodeGenerated/DE10_LITE/RaspberryPi_Accelerator/RaspberryPi_Accelerator.sv Line: 20
    Warning (13040): bidirectional pin "GSENSOR_SDI" has no driver File: C:/Users/justi/Desktop/MSEE/BEE525/Material/DE10/Tools/SystemBuilder/CodeGenerated/DE10_LITE/RaspberryPi_Accelerator/RaspberryPi_Accelerator.sv Line: 54
    Warning (13040): bidirectional pin "GSENSOR_SDO" has no driver File: C:/Users/justi/Desktop/MSEE/BEE525/Material/DE10/Tools/SystemBuilder/CodeGenerated/DE10_LITE/RaspberryPi_Accelerator/RaspberryPi_Accelerator.sv Line: 55
    Warning (13040): bidirectional pin "ARDUINO_IO[0]" has no driver File: C:/Users/justi/Desktop/MSEE/BEE525/Material/DE10/Tools/SystemBuilder/CodeGenerated/DE10_LITE/RaspberryPi_Accelerator/RaspberryPi_Accelerator.sv Line: 58
    Warning (13040): bidirectional pin "ARDUINO_IO[1]" has no driver File: C:/Users/justi/Desktop/MSEE/BEE525/Material/DE10/Tools/SystemBuilder/CodeGenerated/DE10_LITE/RaspberryPi_Accelerator/RaspberryPi_Accelerator.sv Line: 58
    Warning (13040): bidirectional pin "ARDUINO_IO[2]" has no driver File: C:/Users/justi/Desktop/MSEE/BEE525/Material/DE10/Tools/SystemBuilder/CodeGenerated/DE10_LITE/RaspberryPi_Accelerator/RaspberryPi_Accelerator.sv Line: 58
    Warning (13040): bidirectional pin "ARDUINO_IO[3]" has no driver File: C:/Users/justi/Desktop/MSEE/BEE525/Material/DE10/Tools/SystemBuilder/CodeGenerated/DE10_LITE/RaspberryPi_Accelerator/RaspberryPi_Accelerator.sv Line: 58
    Warning (13040): bidirectional pin "ARDUINO_IO[4]" has no driver File: C:/Users/justi/Desktop/MSEE/BEE525/Material/DE10/Tools/SystemBuilder/CodeGenerated/DE10_LITE/RaspberryPi_Accelerator/RaspberryPi_Accelerator.sv Line: 58
    Warning (13040): bidirectional pin "ARDUINO_IO[5]" has no driver File: C:/Users/justi/Desktop/MSEE/BEE525/Material/DE10/Tools/SystemBuilder/CodeGenerated/DE10_LITE/RaspberryPi_Accelerator/RaspberryPi_Accelerator.sv Line: 58
    Warning (13040): bidirectional pin "ARDUINO_IO[6]" has no driver File: C:/Users/justi/Desktop/MSEE/BEE525/Material/DE10/Tools/SystemBuilder/CodeGenerated/DE10_LITE/RaspberryPi_Accelerator/RaspberryPi_Accelerator.sv Line: 58
    Warning (13040): bidirectional pin "ARDUINO_IO[7]" has no driver File: C:/Users/justi/Desktop/MSEE/BEE525/Material/DE10/Tools/SystemBuilder/CodeGenerated/DE10_LITE/RaspberryPi_Accelerator/RaspberryPi_Accelerator.sv Line: 58
    Warning (13040): bidirectional pin "ARDUINO_IO[8]" has no driver File: C:/Users/justi/Desktop/MSEE/BEE525/Material/DE10/Tools/SystemBuilder/CodeGenerated/DE10_LITE/RaspberryPi_Accelerator/RaspberryPi_Accelerator.sv Line: 58
    Warning (13040): bidirectional pin "ARDUINO_IO[9]" has no driver File: C:/Users/justi/Desktop/MSEE/BEE525/Material/DE10/Tools/SystemBuilder/CodeGenerated/DE10_LITE/RaspberryPi_Accelerator/RaspberryPi_Accelerator.sv Line: 58
    Warning (13040): bidirectional pin "ARDUINO_IO[10]" has no driver File: C:/Users/justi/Desktop/MSEE/BEE525/Material/DE10/Tools/SystemBuilder/CodeGenerated/DE10_LITE/RaspberryPi_Accelerator/RaspberryPi_Accelerator.sv Line: 58
    Warning (13040): bidirectional pin "ARDUINO_IO[11]" has no driver File: C:/Users/justi/Desktop/MSEE/BEE525/Material/DE10/Tools/SystemBuilder/CodeGenerated/DE10_LITE/RaspberryPi_Accelerator/RaspberryPi_Accelerator.sv Line: 58
    Warning (13040): bidirectional pin "ARDUINO_IO[12]" has no driver File: C:/Users/justi/Desktop/MSEE/BEE525/Material/DE10/Tools/SystemBuilder/CodeGenerated/DE10_LITE/RaspberryPi_Accelerator/RaspberryPi_Accelerator.sv Line: 58
    Warning (13040): bidirectional pin "ARDUINO_IO[13]" has no driver File: C:/Users/justi/Desktop/MSEE/BEE525/Material/DE10/Tools/SystemBuilder/CodeGenerated/DE10_LITE/RaspberryPi_Accelerator/RaspberryPi_Accelerator.sv Line: 58
    Warning (13040): bidirectional pin "ARDUINO_IO[14]" has no driver File: C:/Users/justi/Desktop/MSEE/BEE525/Material/DE10/Tools/SystemBuilder/CodeGenerated/DE10_LITE/RaspberryPi_Accelerator/RaspberryPi_Accelerator.sv Line: 58
    Warning (13040): bidirectional pin "ARDUINO_IO[15]" has no driver File: C:/Users/justi/Desktop/MSEE/BEE525/Material/DE10/Tools/SystemBuilder/CodeGenerated/DE10_LITE/RaspberryPi_Accelerator/RaspberryPi_Accelerator.sv Line: 58
    Warning (13040): bidirectional pin "ARDUINO_RESET_N" has no driver File: C:/Users/justi/Desktop/MSEE/BEE525/Material/DE10/Tools/SystemBuilder/CodeGenerated/DE10_LITE/RaspberryPi_Accelerator/RaspberryPi_Accelerator.sv Line: 59
    Warning (13040): bidirectional pin "GPIO[2]" has no driver File: C:/Users/justi/Desktop/MSEE/BEE525/Material/DE10/Tools/SystemBuilder/CodeGenerated/DE10_LITE/RaspberryPi_Accelerator/RaspberryPi_Accelerator.sv Line: 63
    Warning (13040): bidirectional pin "GPIO[4]" has no driver File: C:/Users/justi/Desktop/MSEE/BEE525/Material/DE10/Tools/SystemBuilder/CodeGenerated/DE10_LITE/RaspberryPi_Accelerator/RaspberryPi_Accelerator.sv Line: 63
    Warning (13040): bidirectional pin "GPIO[6]" has no driver File: C:/Users/justi/Desktop/MSEE/BEE525/Material/DE10/Tools/SystemBuilder/CodeGenerated/DE10_LITE/RaspberryPi_Accelerator/RaspberryPi_Accelerator.sv Line: 63
    Warning (13040): bidirectional pin "GPIO[7]" has no driver File: C:/Users/justi/Desktop/MSEE/BEE525/Material/DE10/Tools/SystemBuilder/CodeGenerated/DE10_LITE/RaspberryPi_Accelerator/RaspberryPi_Accelerator.sv Line: 63
    Warning (13040): bidirectional pin "GPIO[8]" has no driver File: C:/Users/justi/Desktop/MSEE/BEE525/Material/DE10/Tools/SystemBuilder/CodeGenerated/DE10_LITE/RaspberryPi_Accelerator/RaspberryPi_Accelerator.sv Line: 63
    Warning (13040): bidirectional pin "GPIO[9]" has no driver File: C:/Users/justi/Desktop/MSEE/BEE525/Material/DE10/Tools/SystemBuilder/CodeGenerated/DE10_LITE/RaspberryPi_Accelerator/RaspberryPi_Accelerator.sv Line: 63
    Warning (13040): bidirectional pin "GPIO[14]" has no driver File: C:/Users/justi/Desktop/MSEE/BEE525/Material/DE10/Tools/SystemBuilder/CodeGenerated/DE10_LITE/RaspberryPi_Accelerator/RaspberryPi_Accelerator.sv Line: 63
    Warning (13040): bidirectional pin "GPIO[15]" has no driver File: C:/Users/justi/Desktop/MSEE/BEE525/Material/DE10/Tools/SystemBuilder/CodeGenerated/DE10_LITE/RaspberryPi_Accelerator/RaspberryPi_Accelerator.sv Line: 63
    Warning (13040): bidirectional pin "GPIO[16]" has no driver File: C:/Users/justi/Desktop/MSEE/BEE525/Material/DE10/Tools/SystemBuilder/CodeGenerated/DE10_LITE/RaspberryPi_Accelerator/RaspberryPi_Accelerator.sv Line: 63
    Warning (13040): bidirectional pin "GPIO[17]" has no driver File: C:/Users/justi/Desktop/MSEE/BEE525/Material/DE10/Tools/SystemBuilder/CodeGenerated/DE10_LITE/RaspberryPi_Accelerator/RaspberryPi_Accelerator.sv Line: 63
    Warning (13040): bidirectional pin "GPIO[22]" has no driver File: C:/Users/justi/Desktop/MSEE/BEE525/Material/DE10/Tools/SystemBuilder/CodeGenerated/DE10_LITE/RaspberryPi_Accelerator/RaspberryPi_Accelerator.sv Line: 63
    Warning (13040): bidirectional pin "GPIO[23]" has no driver File: C:/Users/justi/Desktop/MSEE/BEE525/Material/DE10/Tools/SystemBuilder/CodeGenerated/DE10_LITE/RaspberryPi_Accelerator/RaspberryPi_Accelerator.sv Line: 63
    Warning (13040): bidirectional pin "GPIO[24]" has no driver File: C:/Users/justi/Desktop/MSEE/BEE525/Material/DE10/Tools/SystemBuilder/CodeGenerated/DE10_LITE/RaspberryPi_Accelerator/RaspberryPi_Accelerator.sv Line: 63
    Warning (13040): bidirectional pin "GPIO[25]" has no driver File: C:/Users/justi/Desktop/MSEE/BEE525/Material/DE10/Tools/SystemBuilder/CodeGenerated/DE10_LITE/RaspberryPi_Accelerator/RaspberryPi_Accelerator.sv Line: 63
    Warning (13040): bidirectional pin "GPIO[30]" has no driver File: C:/Users/justi/Desktop/MSEE/BEE525/Material/DE10/Tools/SystemBuilder/CodeGenerated/DE10_LITE/RaspberryPi_Accelerator/RaspberryPi_Accelerator.sv Line: 63
    Warning (13040): bidirectional pin "GPIO[31]" has no driver File: C:/Users/justi/Desktop/MSEE/BEE525/Material/DE10/Tools/SystemBuilder/CodeGenerated/DE10_LITE/RaspberryPi_Accelerator/RaspberryPi_Accelerator.sv Line: 63
Warning (13009): TRI or OPNDRN buffers permanently enabled
    Warning (13010): Node "GPIO[3]~synth" File: C:/Users/justi/Desktop/MSEE/BEE525/Material/DE10/Tools/SystemBuilder/CodeGenerated/DE10_LITE/RaspberryPi_Accelerator/RaspberryPi_Accelerator.sv Line: 63
    Warning (13010): Node "GPIO[10]~synth" File: C:/Users/justi/Desktop/MSEE/BEE525/Material/DE10/Tools/SystemBuilder/CodeGenerated/DE10_LITE/RaspberryPi_Accelerator/RaspberryPi_Accelerator.sv Line: 63
    Warning (13010): Node "GPIO[11]~synth" File: C:/Users/justi/Desktop/MSEE/BEE525/Material/DE10/Tools/SystemBuilder/CodeGenerated/DE10_LITE/RaspberryPi_Accelerator/RaspberryPi_Accelerator.sv Line: 63
    Warning (13010): Node "GPIO[13]~synth" File: C:/Users/justi/Desktop/MSEE/BEE525/Material/DE10/Tools/SystemBuilder/CodeGenerated/DE10_LITE/RaspberryPi_Accelerator/RaspberryPi_Accelerator.sv Line: 63
    Warning (13010): Node "GPIO[18]~synth" File: C:/Users/justi/Desktop/MSEE/BEE525/Material/DE10/Tools/SystemBuilder/CodeGenerated/DE10_LITE/RaspberryPi_Accelerator/RaspberryPi_Accelerator.sv Line: 63
    Warning (13010): Node "GPIO[19]~synth" File: C:/Users/justi/Desktop/MSEE/BEE525/Material/DE10/Tools/SystemBuilder/CodeGenerated/DE10_LITE/RaspberryPi_Accelerator/RaspberryPi_Accelerator.sv Line: 63
    Warning (13010): Node "GPIO[21]~synth" File: C:/Users/justi/Desktop/MSEE/BEE525/Material/DE10/Tools/SystemBuilder/CodeGenerated/DE10_LITE/RaspberryPi_Accelerator/RaspberryPi_Accelerator.sv Line: 63
    Warning (13010): Node "GPIO[26]~synth" File: C:/Users/justi/Desktop/MSEE/BEE525/Material/DE10/Tools/SystemBuilder/CodeGenerated/DE10_LITE/RaspberryPi_Accelerator/RaspberryPi_Accelerator.sv Line: 63
    Warning (13010): Node "GPIO[27]~synth" File: C:/Users/justi/Desktop/MSEE/BEE525/Material/DE10/Tools/SystemBuilder/CodeGenerated/DE10_LITE/RaspberryPi_Accelerator/RaspberryPi_Accelerator.sv Line: 63
    Warning (13010): Node "GPIO[29]~synth" File: C:/Users/justi/Desktop/MSEE/BEE525/Material/DE10/Tools/SystemBuilder/CodeGenerated/DE10_LITE/RaspberryPi_Accelerator/RaspberryPi_Accelerator.sv Line: 63
    Warning (13010): Node "GPIO[32]~synth" File: C:/Users/justi/Desktop/MSEE/BEE525/Material/DE10/Tools/SystemBuilder/CodeGenerated/DE10_LITE/RaspberryPi_Accelerator/RaspberryPi_Accelerator.sv Line: 63
    Warning (13010): Node "GPIO[33]~synth" File: C:/Users/justi/Desktop/MSEE/BEE525/Material/DE10/Tools/SystemBuilder/CodeGenerated/DE10_LITE/RaspberryPi_Accelerator/RaspberryPi_Accelerator.sv Line: 63
    Warning (13010): Node "GPIO[35]~synth" File: C:/Users/justi/Desktop/MSEE/BEE525/Material/DE10/Tools/SystemBuilder/CodeGenerated/DE10_LITE/RaspberryPi_Accelerator/RaspberryPi_Accelerator.sv Line: 63
Warning (13024): Output pins are stuck at VCC or GND
    Warning (13410): Pin "DRAM_ADDR[0]" is stuck at GND File: C:/Users/justi/Desktop/MSEE/BEE525/Material/DE10/Tools/SystemBuilder/CodeGenerated/DE10_LITE/RaspberryPi_Accelerator/RaspberryPi_Accelerator.sv Line: 14
    Warning (13410): Pin "DRAM_ADDR[1]" is stuck at GND File: C:/Users/justi/Desktop/MSEE/BEE525/Material/DE10/Tools/SystemBuilder/CodeGenerated/DE10_LITE/RaspberryPi_Accelerator/RaspberryPi_Accelerator.sv Line: 14
    Warning (13410): Pin "DRAM_ADDR[2]" is stuck at GND File: C:/Users/justi/Desktop/MSEE/BEE525/Material/DE10/Tools/SystemBuilder/CodeGenerated/DE10_LITE/RaspberryPi_Accelerator/RaspberryPi_Accelerator.sv Line: 14
    Warning (13410): Pin "DRAM_ADDR[3]" is stuck at GND File: C:/Users/justi/Desktop/MSEE/BEE525/Material/DE10/Tools/SystemBuilder/CodeGenerated/DE10_LITE/RaspberryPi_Accelerator/RaspberryPi_Accelerator.sv Line: 14
    Warning (13410): Pin "DRAM_ADDR[4]" is stuck at GND File: C:/Users/justi/Desktop/MSEE/BEE525/Material/DE10/Tools/SystemBuilder/CodeGenerated/DE10_LITE/RaspberryPi_Accelerator/RaspberryPi_Accelerator.sv Line: 14
    Warning (13410): Pin "DRAM_ADDR[5]" is stuck at GND File: C:/Users/justi/Desktop/MSEE/BEE525/Material/DE10/Tools/SystemBuilder/CodeGenerated/DE10_LITE/RaspberryPi_Accelerator/RaspberryPi_Accelerator.sv Line: 14
    Warning (13410): Pin "DRAM_ADDR[6]" is stuck at GND File: C:/Users/justi/Desktop/MSEE/BEE525/Material/DE10/Tools/SystemBuilder/CodeGenerated/DE10_LITE/RaspberryPi_Accelerator/RaspberryPi_Accelerator.sv Line: 14
    Warning (13410): Pin "DRAM_ADDR[7]" is stuck at GND File: C:/Users/justi/Desktop/MSEE/BEE525/Material/DE10/Tools/SystemBuilder/CodeGenerated/DE10_LITE/RaspberryPi_Accelerator/RaspberryPi_Accelerator.sv Line: 14
    Warning (13410): Pin "DRAM_ADDR[8]" is stuck at GND File: C:/Users/justi/Desktop/MSEE/BEE525/Material/DE10/Tools/SystemBuilder/CodeGenerated/DE10_LITE/RaspberryPi_Accelerator/RaspberryPi_Accelerator.sv Line: 14
    Warning (13410): Pin "DRAM_ADDR[9]" is stuck at GND File: C:/Users/justi/Desktop/MSEE/BEE525/Material/DE10/Tools/SystemBuilder/CodeGenerated/DE10_LITE/RaspberryPi_Accelerator/RaspberryPi_Accelerator.sv Line: 14
    Warning (13410): Pin "DRAM_ADDR[10]" is stuck at GND File: C:/Users/justi/Desktop/MSEE/BEE525/Material/DE10/Tools/SystemBuilder/CodeGenerated/DE10_LITE/RaspberryPi_Accelerator/RaspberryPi_Accelerator.sv Line: 14
    Warning (13410): Pin "DRAM_ADDR[11]" is stuck at GND File: C:/Users/justi/Desktop/MSEE/BEE525/Material/DE10/Tools/SystemBuilder/CodeGenerated/DE10_LITE/RaspberryPi_Accelerator/RaspberryPi_Accelerator.sv Line: 14
    Warning (13410): Pin "DRAM_ADDR[12]" is stuck at GND File: C:/Users/justi/Desktop/MSEE/BEE525/Material/DE10/Tools/SystemBuilder/CodeGenerated/DE10_LITE/RaspberryPi_Accelerator/RaspberryPi_Accelerator.sv Line: 14
    Warning (13410): Pin "DRAM_BA[0]" is stuck at GND File: C:/Users/justi/Desktop/MSEE/BEE525/Material/DE10/Tools/SystemBuilder/CodeGenerated/DE10_LITE/RaspberryPi_Accelerator/RaspberryPi_Accelerator.sv Line: 15
    Warning (13410): Pin "DRAM_BA[1]" is stuck at GND File: C:/Users/justi/Desktop/MSEE/BEE525/Material/DE10/Tools/SystemBuilder/CodeGenerated/DE10_LITE/RaspberryPi_Accelerator/RaspberryPi_Accelerator.sv Line: 15
    Warning (13410): Pin "DRAM_CAS_N" is stuck at GND File: C:/Users/justi/Desktop/MSEE/BEE525/Material/DE10/Tools/SystemBuilder/CodeGenerated/DE10_LITE/RaspberryPi_Accelerator/RaspberryPi_Accelerator.sv Line: 16
    Warning (13410): Pin "DRAM_CKE" is stuck at GND File: C:/Users/justi/Desktop/MSEE/BEE525/Material/DE10/Tools/SystemBuilder/CodeGenerated/DE10_LITE/RaspberryPi_Accelerator/RaspberryPi_Accelerator.sv Line: 17
    Warning (13410): Pin "DRAM_CLK" is stuck at GND File: C:/Users/justi/Desktop/MSEE/BEE525/Material/DE10/Tools/SystemBuilder/CodeGenerated/DE10_LITE/RaspberryPi_Accelerator/RaspberryPi_Accelerator.sv Line: 18
    Warning (13410): Pin "DRAM_CS_N" is stuck at GND File: C:/Users/justi/Desktop/MSEE/BEE525/Material/DE10/Tools/SystemBuilder/CodeGenerated/DE10_LITE/RaspberryPi_Accelerator/RaspberryPi_Accelerator.sv Line: 19
    Warning (13410): Pin "DRAM_LDQM" is stuck at GND File: C:/Users/justi/Desktop/MSEE/BEE525/Material/DE10/Tools/SystemBuilder/CodeGenerated/DE10_LITE/RaspberryPi_Accelerator/RaspberryPi_Accelerator.sv Line: 21
    Warning (13410): Pin "DRAM_RAS_N" is stuck at GND File: C:/Users/justi/Desktop/MSEE/BEE525/Material/DE10/Tools/SystemBuilder/CodeGenerated/DE10_LITE/RaspberryPi_Accelerator/RaspberryPi_Accelerator.sv Line: 22
    Warning (13410): Pin "DRAM_UDQM" is stuck at GND File: C:/Users/justi/Desktop/MSEE/BEE525/Material/DE10/Tools/SystemBuilder/CodeGenerated/DE10_LITE/RaspberryPi_Accelerator/RaspberryPi_Accelerator.sv Line: 23
    Warning (13410): Pin "DRAM_WE_N" is stuck at GND File: C:/Users/justi/Desktop/MSEE/BEE525/Material/DE10/Tools/SystemBuilder/CodeGenerated/DE10_LITE/RaspberryPi_Accelerator/RaspberryPi_Accelerator.sv Line: 24
    Warning (13410): Pin "HEX0[0]" is stuck at GND File: C:/Users/justi/Desktop/MSEE/BEE525/Material/DE10/Tools/SystemBuilder/CodeGenerated/DE10_LITE/RaspberryPi_Accelerator/RaspberryPi_Accelerator.sv Line: 27
    Warning (13410): Pin "HEX0[1]" is stuck at GND File: C:/Users/justi/Desktop/MSEE/BEE525/Material/DE10/Tools/SystemBuilder/CodeGenerated/DE10_LITE/RaspberryPi_Accelerator/RaspberryPi_Accelerator.sv Line: 27
    Warning (13410): Pin "HEX0[2]" is stuck at GND File: C:/Users/justi/Desktop/MSEE/BEE525/Material/DE10/Tools/SystemBuilder/CodeGenerated/DE10_LITE/RaspberryPi_Accelerator/RaspberryPi_Accelerator.sv Line: 27
    Warning (13410): Pin "HEX0[3]" is stuck at GND File: C:/Users/justi/Desktop/MSEE/BEE525/Material/DE10/Tools/SystemBuilder/CodeGenerated/DE10_LITE/RaspberryPi_Accelerator/RaspberryPi_Accelerator.sv Line: 27
    Warning (13410): Pin "HEX0[4]" is stuck at GND File: C:/Users/justi/Desktop/MSEE/BEE525/Material/DE10/Tools/SystemBuilder/CodeGenerated/DE10_LITE/RaspberryPi_Accelerator/RaspberryPi_Accelerator.sv Line: 27
    Warning (13410): Pin "HEX0[5]" is stuck at GND File: C:/Users/justi/Desktop/MSEE/BEE525/Material/DE10/Tools/SystemBuilder/CodeGenerated/DE10_LITE/RaspberryPi_Accelerator/RaspberryPi_Accelerator.sv Line: 27
    Warning (13410): Pin "HEX0[6]" is stuck at GND File: C:/Users/justi/Desktop/MSEE/BEE525/Material/DE10/Tools/SystemBuilder/CodeGenerated/DE10_LITE/RaspberryPi_Accelerator/RaspberryPi_Accelerator.sv Line: 27
    Warning (13410): Pin "HEX0[7]" is stuck at GND File: C:/Users/justi/Desktop/MSEE/BEE525/Material/DE10/Tools/SystemBuilder/CodeGenerated/DE10_LITE/RaspberryPi_Accelerator/RaspberryPi_Accelerator.sv Line: 27
    Warning (13410): Pin "HEX1[0]" is stuck at GND File: C:/Users/justi/Desktop/MSEE/BEE525/Material/DE10/Tools/SystemBuilder/CodeGenerated/DE10_LITE/RaspberryPi_Accelerator/RaspberryPi_Accelerator.sv Line: 28
    Warning (13410): Pin "HEX1[1]" is stuck at GND File: C:/Users/justi/Desktop/MSEE/BEE525/Material/DE10/Tools/SystemBuilder/CodeGenerated/DE10_LITE/RaspberryPi_Accelerator/RaspberryPi_Accelerator.sv Line: 28
    Warning (13410): Pin "HEX1[2]" is stuck at GND File: C:/Users/justi/Desktop/MSEE/BEE525/Material/DE10/Tools/SystemBuilder/CodeGenerated/DE10_LITE/RaspberryPi_Accelerator/RaspberryPi_Accelerator.sv Line: 28
    Warning (13410): Pin "HEX1[3]" is stuck at GND File: C:/Users/justi/Desktop/MSEE/BEE525/Material/DE10/Tools/SystemBuilder/CodeGenerated/DE10_LITE/RaspberryPi_Accelerator/RaspberryPi_Accelerator.sv Line: 28
    Warning (13410): Pin "HEX1[4]" is stuck at GND File: C:/Users/justi/Desktop/MSEE/BEE525/Material/DE10/Tools/SystemBuilder/CodeGenerated/DE10_LITE/RaspberryPi_Accelerator/RaspberryPi_Accelerator.sv Line: 28
    Warning (13410): Pin "HEX1[5]" is stuck at GND File: C:/Users/justi/Desktop/MSEE/BEE525/Material/DE10/Tools/SystemBuilder/CodeGenerated/DE10_LITE/RaspberryPi_Accelerator/RaspberryPi_Accelerator.sv Line: 28
    Warning (13410): Pin "HEX1[6]" is stuck at GND File: C:/Users/justi/Desktop/MSEE/BEE525/Material/DE10/Tools/SystemBuilder/CodeGenerated/DE10_LITE/RaspberryPi_Accelerator/RaspberryPi_Accelerator.sv Line: 28
    Warning (13410): Pin "HEX1[7]" is stuck at GND File: C:/Users/justi/Desktop/MSEE/BEE525/Material/DE10/Tools/SystemBuilder/CodeGenerated/DE10_LITE/RaspberryPi_Accelerator/RaspberryPi_Accelerator.sv Line: 28
    Warning (13410): Pin "HEX2[0]" is stuck at GND File: C:/Users/justi/Desktop/MSEE/BEE525/Material/DE10/Tools/SystemBuilder/CodeGenerated/DE10_LITE/RaspberryPi_Accelerator/RaspberryPi_Accelerator.sv Line: 29
    Warning (13410): Pin "HEX2[1]" is stuck at GND File: C:/Users/justi/Desktop/MSEE/BEE525/Material/DE10/Tools/SystemBuilder/CodeGenerated/DE10_LITE/RaspberryPi_Accelerator/RaspberryPi_Accelerator.sv Line: 29
    Warning (13410): Pin "HEX2[2]" is stuck at GND File: C:/Users/justi/Desktop/MSEE/BEE525/Material/DE10/Tools/SystemBuilder/CodeGenerated/DE10_LITE/RaspberryPi_Accelerator/RaspberryPi_Accelerator.sv Line: 29
    Warning (13410): Pin "HEX2[3]" is stuck at GND File: C:/Users/justi/Desktop/MSEE/BEE525/Material/DE10/Tools/SystemBuilder/CodeGenerated/DE10_LITE/RaspberryPi_Accelerator/RaspberryPi_Accelerator.sv Line: 29
    Warning (13410): Pin "HEX2[4]" is stuck at GND File: C:/Users/justi/Desktop/MSEE/BEE525/Material/DE10/Tools/SystemBuilder/CodeGenerated/DE10_LITE/RaspberryPi_Accelerator/RaspberryPi_Accelerator.sv Line: 29
    Warning (13410): Pin "HEX2[5]" is stuck at GND File: C:/Users/justi/Desktop/MSEE/BEE525/Material/DE10/Tools/SystemBuilder/CodeGenerated/DE10_LITE/RaspberryPi_Accelerator/RaspberryPi_Accelerator.sv Line: 29
    Warning (13410): Pin "HEX2[6]" is stuck at GND File: C:/Users/justi/Desktop/MSEE/BEE525/Material/DE10/Tools/SystemBuilder/CodeGenerated/DE10_LITE/RaspberryPi_Accelerator/RaspberryPi_Accelerator.sv Line: 29
    Warning (13410): Pin "HEX2[7]" is stuck at GND File: C:/Users/justi/Desktop/MSEE/BEE525/Material/DE10/Tools/SystemBuilder/CodeGenerated/DE10_LITE/RaspberryPi_Accelerator/RaspberryPi_Accelerator.sv Line: 29
    Warning (13410): Pin "HEX3[0]" is stuck at GND File: C:/Users/justi/Desktop/MSEE/BEE525/Material/DE10/Tools/SystemBuilder/CodeGenerated/DE10_LITE/RaspberryPi_Accelerator/RaspberryPi_Accelerator.sv Line: 30
    Warning (13410): Pin "HEX3[1]" is stuck at GND File: C:/Users/justi/Desktop/MSEE/BEE525/Material/DE10/Tools/SystemBuilder/CodeGenerated/DE10_LITE/RaspberryPi_Accelerator/RaspberryPi_Accelerator.sv Line: 30
    Warning (13410): Pin "HEX3[2]" is stuck at GND File: C:/Users/justi/Desktop/MSEE/BEE525/Material/DE10/Tools/SystemBuilder/CodeGenerated/DE10_LITE/RaspberryPi_Accelerator/RaspberryPi_Accelerator.sv Line: 30
    Warning (13410): Pin "HEX3[3]" is stuck at GND File: C:/Users/justi/Desktop/MSEE/BEE525/Material/DE10/Tools/SystemBuilder/CodeGenerated/DE10_LITE/RaspberryPi_Accelerator/RaspberryPi_Accelerator.sv Line: 30
    Warning (13410): Pin "HEX3[4]" is stuck at GND File: C:/Users/justi/Desktop/MSEE/BEE525/Material/DE10/Tools/SystemBuilder/CodeGenerated/DE10_LITE/RaspberryPi_Accelerator/RaspberryPi_Accelerator.sv Line: 30
    Warning (13410): Pin "HEX3[5]" is stuck at GND File: C:/Users/justi/Desktop/MSEE/BEE525/Material/DE10/Tools/SystemBuilder/CodeGenerated/DE10_LITE/RaspberryPi_Accelerator/RaspberryPi_Accelerator.sv Line: 30
    Warning (13410): Pin "HEX3[6]" is stuck at GND File: C:/Users/justi/Desktop/MSEE/BEE525/Material/DE10/Tools/SystemBuilder/CodeGenerated/DE10_LITE/RaspberryPi_Accelerator/RaspberryPi_Accelerator.sv Line: 30
    Warning (13410): Pin "HEX3[7]" is stuck at GND File: C:/Users/justi/Desktop/MSEE/BEE525/Material/DE10/Tools/SystemBuilder/CodeGenerated/DE10_LITE/RaspberryPi_Accelerator/RaspberryPi_Accelerator.sv Line: 30
    Warning (13410): Pin "HEX4[0]" is stuck at GND File: C:/Users/justi/Desktop/MSEE/BEE525/Material/DE10/Tools/SystemBuilder/CodeGenerated/DE10_LITE/RaspberryPi_Accelerator/RaspberryPi_Accelerator.sv Line: 31
    Warning (13410): Pin "HEX4[1]" is stuck at GND File: C:/Users/justi/Desktop/MSEE/BEE525/Material/DE10/Tools/SystemBuilder/CodeGenerated/DE10_LITE/RaspberryPi_Accelerator/RaspberryPi_Accelerator.sv Line: 31
    Warning (13410): Pin "HEX4[2]" is stuck at GND File: C:/Users/justi/Desktop/MSEE/BEE525/Material/DE10/Tools/SystemBuilder/CodeGenerated/DE10_LITE/RaspberryPi_Accelerator/RaspberryPi_Accelerator.sv Line: 31
    Warning (13410): Pin "HEX4[3]" is stuck at GND File: C:/Users/justi/Desktop/MSEE/BEE525/Material/DE10/Tools/SystemBuilder/CodeGenerated/DE10_LITE/RaspberryPi_Accelerator/RaspberryPi_Accelerator.sv Line: 31
    Warning (13410): Pin "HEX4[4]" is stuck at GND File: C:/Users/justi/Desktop/MSEE/BEE525/Material/DE10/Tools/SystemBuilder/CodeGenerated/DE10_LITE/RaspberryPi_Accelerator/RaspberryPi_Accelerator.sv Line: 31
    Warning (13410): Pin "HEX4[5]" is stuck at GND File: C:/Users/justi/Desktop/MSEE/BEE525/Material/DE10/Tools/SystemBuilder/CodeGenerated/DE10_LITE/RaspberryPi_Accelerator/RaspberryPi_Accelerator.sv Line: 31
    Warning (13410): Pin "HEX4[6]" is stuck at GND File: C:/Users/justi/Desktop/MSEE/BEE525/Material/DE10/Tools/SystemBuilder/CodeGenerated/DE10_LITE/RaspberryPi_Accelerator/RaspberryPi_Accelerator.sv Line: 31
    Warning (13410): Pin "HEX4[7]" is stuck at GND File: C:/Users/justi/Desktop/MSEE/BEE525/Material/DE10/Tools/SystemBuilder/CodeGenerated/DE10_LITE/RaspberryPi_Accelerator/RaspberryPi_Accelerator.sv Line: 31
    Warning (13410): Pin "HEX5[0]" is stuck at GND File: C:/Users/justi/Desktop/MSEE/BEE525/Material/DE10/Tools/SystemBuilder/CodeGenerated/DE10_LITE/RaspberryPi_Accelerator/RaspberryPi_Accelerator.sv Line: 32
    Warning (13410): Pin "HEX5[1]" is stuck at GND File: C:/Users/justi/Desktop/MSEE/BEE525/Material/DE10/Tools/SystemBuilder/CodeGenerated/DE10_LITE/RaspberryPi_Accelerator/RaspberryPi_Accelerator.sv Line: 32
    Warning (13410): Pin "HEX5[2]" is stuck at GND File: C:/Users/justi/Desktop/MSEE/BEE525/Material/DE10/Tools/SystemBuilder/CodeGenerated/DE10_LITE/RaspberryPi_Accelerator/RaspberryPi_Accelerator.sv Line: 32
    Warning (13410): Pin "HEX5[3]" is stuck at GND File: C:/Users/justi/Desktop/MSEE/BEE525/Material/DE10/Tools/SystemBuilder/CodeGenerated/DE10_LITE/RaspberryPi_Accelerator/RaspberryPi_Accelerator.sv Line: 32
    Warning (13410): Pin "HEX5[4]" is stuck at GND File: C:/Users/justi/Desktop/MSEE/BEE525/Material/DE10/Tools/SystemBuilder/CodeGenerated/DE10_LITE/RaspberryPi_Accelerator/RaspberryPi_Accelerator.sv Line: 32
    Warning (13410): Pin "HEX5[5]" is stuck at GND File: C:/Users/justi/Desktop/MSEE/BEE525/Material/DE10/Tools/SystemBuilder/CodeGenerated/DE10_LITE/RaspberryPi_Accelerator/RaspberryPi_Accelerator.sv Line: 32
    Warning (13410): Pin "HEX5[6]" is stuck at GND File: C:/Users/justi/Desktop/MSEE/BEE525/Material/DE10/Tools/SystemBuilder/CodeGenerated/DE10_LITE/RaspberryPi_Accelerator/RaspberryPi_Accelerator.sv Line: 32
    Warning (13410): Pin "HEX5[7]" is stuck at GND File: C:/Users/justi/Desktop/MSEE/BEE525/Material/DE10/Tools/SystemBuilder/CodeGenerated/DE10_LITE/RaspberryPi_Accelerator/RaspberryPi_Accelerator.sv Line: 32
    Warning (13410): Pin "LEDR[0]" is stuck at GND File: C:/Users/justi/Desktop/MSEE/BEE525/Material/DE10/Tools/SystemBuilder/CodeGenerated/DE10_LITE/RaspberryPi_Accelerator/RaspberryPi_Accelerator.sv Line: 38
    Warning (13410): Pin "LEDR[1]" is stuck at GND File: C:/Users/justi/Desktop/MSEE/BEE525/Material/DE10/Tools/SystemBuilder/CodeGenerated/DE10_LITE/RaspberryPi_Accelerator/RaspberryPi_Accelerator.sv Line: 38
    Warning (13410): Pin "LEDR[2]" is stuck at GND File: C:/Users/justi/Desktop/MSEE/BEE525/Material/DE10/Tools/SystemBuilder/CodeGenerated/DE10_LITE/RaspberryPi_Accelerator/RaspberryPi_Accelerator.sv Line: 38
    Warning (13410): Pin "LEDR[3]" is stuck at GND File: C:/Users/justi/Desktop/MSEE/BEE525/Material/DE10/Tools/SystemBuilder/CodeGenerated/DE10_LITE/RaspberryPi_Accelerator/RaspberryPi_Accelerator.sv Line: 38
    Warning (13410): Pin "LEDR[4]" is stuck at GND File: C:/Users/justi/Desktop/MSEE/BEE525/Material/DE10/Tools/SystemBuilder/CodeGenerated/DE10_LITE/RaspberryPi_Accelerator/RaspberryPi_Accelerator.sv Line: 38
    Warning (13410): Pin "LEDR[5]" is stuck at GND File: C:/Users/justi/Desktop/MSEE/BEE525/Material/DE10/Tools/SystemBuilder/CodeGenerated/DE10_LITE/RaspberryPi_Accelerator/RaspberryPi_Accelerator.sv Line: 38
    Warning (13410): Pin "LEDR[6]" is stuck at GND File: C:/Users/justi/Desktop/MSEE/BEE525/Material/DE10/Tools/SystemBuilder/CodeGenerated/DE10_LITE/RaspberryPi_Accelerator/RaspberryPi_Accelerator.sv Line: 38
    Warning (13410): Pin "LEDR[7]" is stuck at GND File: C:/Users/justi/Desktop/MSEE/BEE525/Material/DE10/Tools/SystemBuilder/CodeGenerated/DE10_LITE/RaspberryPi_Accelerator/RaspberryPi_Accelerator.sv Line: 38
    Warning (13410): Pin "LEDR[8]" is stuck at GND File: C:/Users/justi/Desktop/MSEE/BEE525/Material/DE10/Tools/SystemBuilder/CodeGenerated/DE10_LITE/RaspberryPi_Accelerator/RaspberryPi_Accelerator.sv Line: 38
    Warning (13410): Pin "LEDR[9]" is stuck at GND File: C:/Users/justi/Desktop/MSEE/BEE525/Material/DE10/Tools/SystemBuilder/CodeGenerated/DE10_LITE/RaspberryPi_Accelerator/RaspberryPi_Accelerator.sv Line: 38
    Warning (13410): Pin "VGA_B[0]" is stuck at GND File: C:/Users/justi/Desktop/MSEE/BEE525/Material/DE10/Tools/SystemBuilder/CodeGenerated/DE10_LITE/RaspberryPi_Accelerator/RaspberryPi_Accelerator.sv Line: 44
    Warning (13410): Pin "VGA_B[1]" is stuck at GND File: C:/Users/justi/Desktop/MSEE/BEE525/Material/DE10/Tools/SystemBuilder/CodeGenerated/DE10_LITE/RaspberryPi_Accelerator/RaspberryPi_Accelerator.sv Line: 44
    Warning (13410): Pin "VGA_B[2]" is stuck at GND File: C:/Users/justi/Desktop/MSEE/BEE525/Material/DE10/Tools/SystemBuilder/CodeGenerated/DE10_LITE/RaspberryPi_Accelerator/RaspberryPi_Accelerator.sv Line: 44
    Warning (13410): Pin "VGA_B[3]" is stuck at GND File: C:/Users/justi/Desktop/MSEE/BEE525/Material/DE10/Tools/SystemBuilder/CodeGenerated/DE10_LITE/RaspberryPi_Accelerator/RaspberryPi_Accelerator.sv Line: 44
    Warning (13410): Pin "VGA_G[0]" is stuck at GND File: C:/Users/justi/Desktop/MSEE/BEE525/Material/DE10/Tools/SystemBuilder/CodeGenerated/DE10_LITE/RaspberryPi_Accelerator/RaspberryPi_Accelerator.sv Line: 45
    Warning (13410): Pin "VGA_G[1]" is stuck at GND File: C:/Users/justi/Desktop/MSEE/BEE525/Material/DE10/Tools/SystemBuilder/CodeGenerated/DE10_LITE/RaspberryPi_Accelerator/RaspberryPi_Accelerator.sv Line: 45
    Warning (13410): Pin "VGA_G[2]" is stuck at GND File: C:/Users/justi/Desktop/MSEE/BEE525/Material/DE10/Tools/SystemBuilder/CodeGenerated/DE10_LITE/RaspberryPi_Accelerator/RaspberryPi_Accelerator.sv Line: 45
    Warning (13410): Pin "VGA_G[3]" is stuck at GND File: C:/Users/justi/Desktop/MSEE/BEE525/Material/DE10/Tools/SystemBuilder/CodeGenerated/DE10_LITE/RaspberryPi_Accelerator/RaspberryPi_Accelerator.sv Line: 45
    Warning (13410): Pin "VGA_HS" is stuck at GND File: C:/Users/justi/Desktop/MSEE/BEE525/Material/DE10/Tools/SystemBuilder/CodeGenerated/DE10_LITE/RaspberryPi_Accelerator/RaspberryPi_Accelerator.sv Line: 46
    Warning (13410): Pin "VGA_R[0]" is stuck at GND File: C:/Users/justi/Desktop/MSEE/BEE525/Material/DE10/Tools/SystemBuilder/CodeGenerated/DE10_LITE/RaspberryPi_Accelerator/RaspberryPi_Accelerator.sv Line: 47
    Warning (13410): Pin "VGA_R[1]" is stuck at GND File: C:/Users/justi/Desktop/MSEE/BEE525/Material/DE10/Tools/SystemBuilder/CodeGenerated/DE10_LITE/RaspberryPi_Accelerator/RaspberryPi_Accelerator.sv Line: 47
    Warning (13410): Pin "VGA_R[2]" is stuck at GND File: C:/Users/justi/Desktop/MSEE/BEE525/Material/DE10/Tools/SystemBuilder/CodeGenerated/DE10_LITE/RaspberryPi_Accelerator/RaspberryPi_Accelerator.sv Line: 47
    Warning (13410): Pin "VGA_R[3]" is stuck at GND File: C:/Users/justi/Desktop/MSEE/BEE525/Material/DE10/Tools/SystemBuilder/CodeGenerated/DE10_LITE/RaspberryPi_Accelerator/RaspberryPi_Accelerator.sv Line: 47
    Warning (13410): Pin "VGA_VS" is stuck at GND File: C:/Users/justi/Desktop/MSEE/BEE525/Material/DE10/Tools/SystemBuilder/CodeGenerated/DE10_LITE/RaspberryPi_Accelerator/RaspberryPi_Accelerator.sv Line: 48
    Warning (13410): Pin "GSENSOR_CS_N" is stuck at GND File: C:/Users/justi/Desktop/MSEE/BEE525/Material/DE10/Tools/SystemBuilder/CodeGenerated/DE10_LITE/RaspberryPi_Accelerator/RaspberryPi_Accelerator.sv Line: 51
    Warning (13410): Pin "GSENSOR_SCLK" is stuck at GND File: C:/Users/justi/Desktop/MSEE/BEE525/Material/DE10/Tools/SystemBuilder/CodeGenerated/DE10_LITE/RaspberryPi_Accelerator/RaspberryPi_Accelerator.sv Line: 53
Info (286030): Timing-Driven Synthesis is running
Info (16010): Generating hard_block partition "hard_block:auto_generated_inst"
    Info (16011): Adding 0 node(s), including 0 DDIO, 0 PLL, 0 transceiver and 0 LCELL
Warning (21074): Design contains 14 input pin(s) that do not drive logic
    Warning (15610): No output dependent on input pin "ADC_CLK_10" File: C:/Users/justi/Desktop/MSEE/BEE525/Material/DE10/Tools/SystemBuilder/CodeGenerated/DE10_LITE/RaspberryPi_Accelerator/RaspberryPi_Accelerator.sv Line: 9
    Warning (15610): No output dependent on input pin "MAX10_CLK2_50" File: C:/Users/justi/Desktop/MSEE/BEE525/Material/DE10/Tools/SystemBuilder/CodeGenerated/DE10_LITE/RaspberryPi_Accelerator/RaspberryPi_Accelerator.sv Line: 11
    Warning (15610): No output dependent on input pin "KEY[0]" File: C:/Users/justi/Desktop/MSEE/BEE525/Material/DE10/Tools/SystemBuilder/CodeGenerated/DE10_LITE/RaspberryPi_Accelerator/RaspberryPi_Accelerator.sv Line: 35
    Warning (15610): No output dependent on input pin "KEY[1]" File: C:/Users/justi/Desktop/MSEE/BEE525/Material/DE10/Tools/SystemBuilder/CodeGenerated/DE10_LITE/RaspberryPi_Accelerator/RaspberryPi_Accelerator.sv Line: 35
    Warning (15610): No output dependent on input pin "SW[2]" File: C:/Users/justi/Desktop/MSEE/BEE525/Material/DE10/Tools/SystemBuilder/CodeGenerated/DE10_LITE/RaspberryPi_Accelerator/RaspberryPi_Accelerator.sv Line: 41
    Warning (15610): No output dependent on input pin "SW[3]" File: C:/Users/justi/Desktop/MSEE/BEE525/Material/DE10/Tools/SystemBuilder/CodeGenerated/DE10_LITE/RaspberryPi_Accelerator/RaspberryPi_Accelerator.sv Line: 41
    Warning (15610): No output dependent on input pin "SW[4]" File: C:/Users/justi/Desktop/MSEE/BEE525/Material/DE10/Tools/SystemBuilder/CodeGenerated/DE10_LITE/RaspberryPi_Accelerator/RaspberryPi_Accelerator.sv Line: 41
    Warning (15610): No output dependent on input pin "SW[5]" File: C:/Users/justi/Desktop/MSEE/BEE525/Material/DE10/Tools/SystemBuilder/CodeGenerated/DE10_LITE/RaspberryPi_Accelerator/RaspberryPi_Accelerator.sv Line: 41
    Warning (15610): No output dependent on input pin "SW[6]" File: C:/Users/justi/Desktop/MSEE/BEE525/Material/DE10/Tools/SystemBuilder/CodeGenerated/DE10_LITE/RaspberryPi_Accelerator/RaspberryPi_Accelerator.sv Line: 41
    Warning (15610): No output dependent on input pin "SW[7]" File: C:/Users/justi/Desktop/MSEE/BEE525/Material/DE10/Tools/SystemBuilder/CodeGenerated/DE10_LITE/RaspberryPi_Accelerator/RaspberryPi_Accelerator.sv Line: 41
    Warning (15610): No output dependent on input pin "SW[8]" File: C:/Users/justi/Desktop/MSEE/BEE525/Material/DE10/Tools/SystemBuilder/CodeGenerated/DE10_LITE/RaspberryPi_Accelerator/RaspberryPi_Accelerator.sv Line: 41
    Warning (15610): No output dependent on input pin "SW[9]" File: C:/Users/justi/Desktop/MSEE/BEE525/Material/DE10/Tools/SystemBuilder/CodeGenerated/DE10_LITE/RaspberryPi_Accelerator/RaspberryPi_Accelerator.sv Line: 41
    Warning (15610): No output dependent on input pin "GSENSOR_INT[1]" File: C:/Users/justi/Desktop/MSEE/BEE525/Material/DE10/Tools/SystemBuilder/CodeGenerated/DE10_LITE/RaspberryPi_Accelerator/RaspberryPi_Accelerator.sv Line: 52
    Warning (15610): No output dependent on input pin "GSENSOR_INT[2]" File: C:/Users/justi/Desktop/MSEE/BEE525/Material/DE10/Tools/SystemBuilder/CodeGenerated/DE10_LITE/RaspberryPi_Accelerator/RaspberryPi_Accelerator.sv Line: 52
Info (21057): Implemented 270 device resources after synthesis - the final resource count might be different
    Info (21058): Implemented 17 input pins
    Info (21059): Implemented 97 output pins
    Info (21060): Implemented 71 bidirectional pins
    Info (21061): Implemented 85 logic cells
Info: Quartus Prime Analysis & Synthesis was successful. 0 errors, 236 warnings
    Info: Peak virtual memory: 4782 megabytes
    Info: Processing ended: Thu May  4 15:47:08 2023
    Info: Elapsed time: 00:00:14
    Info: Total CPU time (on all processors): 00:00:32


